// Jest Snapshot v1, https://goo.gl/fbAQLP

exports[`<Grid /> should render correctly 1`] = `
.c0 {
  display: grid;
  margin: 3.2rem 0;
  grid-template-columns: repeat(auto-fill,minmax(25rem,1fr));
  grid-gap: 3.2rem;
}

<div
  class="c0"
/>
`
